Unity Editor version:    6000.2.13f1 (abdb44fca7f7)
Branch:                  6000.2/staging
Build type:              Release
Batch mode:              YES
macOS version:           Version 26.6.2 (Build 25G83)
Darwin version:          25.6.0
Architecture:            arm64
Running under Rosetta:   NO
Available memory:        65536 MB
Date:                    2026-09-08T06:25:46Z
[Licensing::Module] Trying to connect to existing licensing client channel...
[Licensing::IpcConnector] Successfully connected to: "LicenseClient-fombico" at "2026-09-08T06:25:46.121386Z"
Launching external process: /Applications/Unity/Hub/Editor/6000.2.13f1/Unity.app/Contents/Resources/PackageManager/Server/UnityPackageManager

COMMAND LINE ARGUMENTS:
/Applications/Unity/Hub/Editor/6000.2.13f1/Unity.app/Contents/MacOS/Unity
-batchmode
-nographics
-projectPath
/Users/fombico/Documents/mojulo/control/data/outcomes/sk_lkypzdim4y/unity-scratch
-executeMethod
Mojulo.Import.Run
-quit
-logFile
/Users/fombico/Documents/mojulo/control/data/outcomes/sk_lkypzdim4y/unity-import.log
Successfully changed project path to: /Users/fombico/Documents/mojulo/control/data/outcomes/sk_lkypzdim4y/unity-scratch
/Users/fombico/Documents/mojulo/control/data/outcomes/sk_lkypzdim4y/unity-scratch
[UnityMemory] Configuration Parameters - Can be set up in boot.config
    "memorysetup-allocator-temp-initial-block-size-main=262144"
    "memorysetup-allocator-temp-initial-block-size-worker=262144"
    "memorysetup-bucket-allocator-granularity=16"
    "memorysetup-bucket-allocator-bucket-count=8"
    "memorysetup-bucket-allocator-block-size=33554432"
    "memorysetup-bucket-allocator-block-count=8"
    "memorysetup-main-allocator-block-size=16777216"
    "memorysetup-thread-allocator-block-size=16777216"
    "memorysetup-gfx-main-allocator-block-size=16777216"
    "memorysetup-gfx-thread-allocator-block-size=16777216"
    "memorysetup-cache-allocator-block-size=4194304"
    "memorysetup-typetree-allocator-block-size=2097152"
    "memorysetup-profiler-bucket-allocator-granularity=16"
    "memorysetup-profiler-bucket-allocator-bucket-count=8"
    "memorysetup-profiler-bucket-allocator-block-size=33554432"
    "memorysetup-profiler-bucket-allocator-block-count=8"
    "memorysetup-profiler-allocator-block-size=16777216"
    "memorysetup-profiler-editor-allocator-block-size=1048576"
    "memorysetup-temp-allocator-size-main=16777216"
    "memorysetup-job-temp-allocator-block-size=2097152"
    "memorysetup-job-temp-allocator-block-size-background=1048576"
    "memorysetup-job-temp-allocator-reduction-small-platforms=262144"
    "memorysetup-temp-allocator-size-background-worker=32768"
    "memorysetup-temp-allocator-size-job-worker=262144"
    "memorysetup-temp-allocator-size-preload-manager=33554432"
    "memorysetup-temp-allocator-size-nav-mesh-worker=65536"
    "memorysetup-temp-allocator-size-audio-worker=65536"
    "memorysetup-temp-allocator-size-cloud-worker=32768"
    "memorysetup-temp-allocator-size-gi-baking-worker=262144"
    "memorysetup-temp-allocator-size-gi-baking-worker=262144"
    "memorysetup-temp-allocator-size-gi-baking-worker=262144"
    "memorysetup-temp-allocator-size-gi-baking-worker=262144"
    "memorysetup-temp-allocator-size-gi-baking-worker=262144"
    "memorysetup-temp-allocator-size-gfx=262144"
Player connection [8509579648]  Target information:

Player connection [8509579648]  * "[IP] 192.168.2.24 [Port] 55504 [Flags] 2 [Guid] 4008995604 [EditorId] 4008995604 [Version] 1048832 [Id] OSXEditor(0,MacBookPro) [Debug] 1 [PackageName] OSXEditor [ProjectName] Editor" 

Player connection [8509579648] Host joined multi-casting on [225.0.0.222:54997]...
Player connection [8509579648] Host joined alternative multi-casting on [225.0.0.222:34997]...
Input System module state changed to: Initialized.
[Physics::Module] Initialized fallback backend.
[Physics::Module] Id: 0xdecafbad
[Licensing::Client] Handshaking with LicensingClient:
  Version:                 1.18.3+d7ffd15
  Session Id:              a4bc17e980af43219245bb29a2b558f5
  Correlation Id:          9f5f5238ade26dc071515ff781153e5d
  External correlation Id: 6706491057812899940
  Machine Id:              e/hOENyCOZIc2S5txbmEPVQumFs=
[Licensing::Module] Successfully connected to LicensingClient on channel: "LicenseClient-fombico" (connect: 0.00s, validation: 0.00s, handshake: 0.57s)
[Licensing::IpcConnector] Successfully connected to: "LicenseClient-fombico-notifications" at "2026-09-08T06:25:46.697584Z"
[Licensing::Module] Error: Access token is unavailable; failed to update
[Package Manager] Connected to IPC stream "Upm-22540" after 0.4 seconds.
Library Redirect Path: Library/
[Licensing::Client] Successfully resolved entitlement details
[Licensing::Module] License group:
  Id: 3574136061173-UnityPersXXXX
  Product: Unity Personal
  Type: Assigned
  Expiration: Unlimited
[Licensing::Client] Successfully updated license, isAsync: True, time: 0.01
[Licensing::Client] Successfully resolved entitlement details
[Licensing::Module] Licensing Background thread has ended after 0.62s
[Physics::Module] Selected backend.
[Physics::Module] Name: PhysX
[Physics::Module] Id: 0xf2b8ea05
[Physics::Module] SDK Version: 4.1.2
[Physics::Module] Integration Version: 1.0.0
[Physics::Module] Threading Mode: Multi-Threaded
Refreshing native plugins compatible for Editor in 0.50 ms, found 0 plugins.
Preloading 0 native plugins for Editor in 0.00 ms.
Initialize engine version: 6000.2.13f1 (abdb44fca7f7)
[Subsystems] Discovering subsystems at path /Applications/Unity/Hub/Editor/6000.2.13f1/Unity.app/Contents/Resources/UnitySubsystems
[Subsystems] Discovering subsystems at path /Users/fombico/Documents/mojulo/control/data/outcomes/sk_lkypzdim4y/unity-scratch/Assets
Forcing GfxDevice: Null
GfxDevice: creating device client; kGfxThreadingModeNonThreaded
NullGfxDevice:
    Version:  NULL 1.0 [1.0]
    Renderer: Null Device
    Vendor:   Unity Technologies
Initialize mono
Mono path[0] = '/Applications/Unity/Hub/Editor/6000.2.13f1/Unity.app/Contents/Managed'
Mono path[1] = '/Applications/Unity/Hub/Editor/6000.2.13f1/Unity.app/Contents/MonoBleedingEdge/lib/mono/unityjit-macos'
Mono config path = '/Applications/Unity/Hub/Editor/6000.2.13f1/Unity.app/Contents/MonoBleedingEdge/etc'
Using monoOptions --debugger-agent=transport=dt_socket,embedding=1,server=y,suspend=n,address=127.0.0.1:56540
Using cacheserver namespaces - metadata:defaultmetadata, artifacts:defaultartifacts
Using cacheserver namespaces - metadata:defaultmetadata, artifacts:defaultartifacts
ImportWorker Server TCP listen port: 0
AcceleratorClientConnectionCallback - disconnected - :0
Begin MonoManager ReloadAssembly
Registering precompiled unity dll's ...
Register platform support module: /Applications/Unity/Hub/Editor/6000.2.13f1/Unity.app/Contents/PlaybackEngines/MacStandaloneSupport/UnityEditor.OSXStandalone.Extensions.dll
Registered in 0.001328 seconds.
- Loaded All Assemblies, in  0.340 seconds
Native extension for OSXStandalone target not found
Mono: successfully reloaded assembly
- Finished resetting the current domain, in  0.281 seconds
Domain Reload Profiling: 621ms
	BeginReloadAssembly (126ms)
		ExecutionOrderSort (0ms)
		DisableScriptedObjects (0ms)
		BackupInstance (0ms)
		ReleaseScriptingObjects (0ms)
		CreateAndSetChildDomain (1ms)
	RebuildCommonClasses (40ms)
	RebuildNativeTypeToScriptingClass (10ms)
	initialDomainReloadingComplete (36ms)
	LoadAllAssembliesAndSetupDomain (128ms)
		LoadAssemblies (125ms)
		RebuildTransferFunctionScriptingTraits (0ms)
		AnalyzeDomain (125ms)
			TypeCache.Refresh (123ms)
				TypeCache.ScanAssembly (109ms)
			BuildScriptInfoCaches (0ms)
			ResolveRequiredComponents (1ms)
	FinalizeReload (281ms)
		ReleaseScriptCaches (0ms)
		RebuildScriptCaches (0ms)
		SetupLoadedEditorAssemblies (251ms)
			LogAssemblyErrors (0ms)
			InitializePlatformSupportModulesInManaged (39ms)
			SetLoadedEditorAssemblies (5ms)
			BeforeProcessingInitializeOnLoad (66ms)
			ProcessInitializeOnLoadAttributes (101ms)
			ProcessInitializeOnLoadMethodAttributes (40ms)
			AfterProcessingInitializeOnLoad (0ms)
			EditorAssembliesLoaded (0ms)
		ExecutionOrderSort2 (0ms)
		AwakeInstancesAfterBackupRestoration (0ms)
[Licensing::Client] Successfully resolved entitlement details
Application.AssetDatabase Initial Refresh Start
Package Manager log level set to [2]
[Package Manager] Restoring resolved packages state from cache
[Licensing::Client] Successfully resolved entitlement details
[Package Manager] Registered 43 packages:
  Packages from [https://packages.unity.com]:
    com.unity.cloud.gltfast@6.9.1 (location: /Users/fombico/Documents/mojulo/control/data/outcomes/sk_lkypzdim4y/unity-scratch/Library/PackageCache/com.unity.cloud.gltfast@161e8e5e9cfb)
    com.unity.burst@1.8.25 (location: /Users/fombico/Documents/mojulo/control/data/outcomes/sk_lkypzdim4y/unity-scratch/Library/PackageCache/com.unity.burst@1df634d836b8)
    com.unity.collections@2.6.2 (location: /Users/fombico/Documents/mojulo/control/data/outcomes/sk_lkypzdim4y/unity-scratch/Library/PackageCache/com.unity.collections@aea9d3bd5e19)
    com.unity.mathematics@1.3.2 (location: /Users/fombico/Documents/mojulo/control/data/outcomes/sk_lkypzdim4y/unity-scratch/Library/PackageCache/com.unity.mathematics@8017b507cc74)
    com.unity.nuget.mono-cecil@1.11.5 (location: /Users/fombico/Documents/mojulo/control/data/outcomes/sk_lkypzdim4y/unity-scratch/Library/PackageCache/com.unity.nuget.mono-cecil@d78732e851eb)
    com.unity.test-framework.performance@3.2.0 (location: /Users/fombico/Documents/mojulo/control/data/outcomes/sk_lkypzdim4y/unity-scratch/Library/PackageCache/com.unity.test-framework.performance@0840f58e4562)
  Built-in packages:
    com.unity.multiplayer.center@1.0.0 (location: /Users/fombico/Documents/mojulo/control/data/outcomes/sk_lkypzdim4y/unity-scratch/Library/PackageCache/com.unity.multiplayer.center@f3fb577b3546)
    com.unity.modules.accessibility@1.0.0 (location: /Applications/Unity/Hub/Editor/6000.2.13f1/Unity.app/Contents/Resources/PackageManager/BuiltInPackages/com.unity.modules.accessibility)
    com.unity.modules.ai@1.0.0 (location: /Applications/Unity/Hub/Editor/6000.2.13f1/Unity.app/Contents/Resources/PackageManager/BuiltInPackages/com.unity.modules.ai)
    com.unity.modules.androidjni@1.0.0 (location: /Applications/Unity/Hub/Editor/6000.2.13f1/Unity.app/Contents/Resources/PackageManager/BuiltInPackages/com.unity.modules.androidjni)
    com.unity.modules.animation@1.0.0 (location: /Applications/Unity/Hub/Editor/6000.2.13f1/Unity.app/Contents/Resources/PackageManager/BuiltInPackages/com.unity.modules.animation)
    com.unity.modules.assetbundle@1.0.0 (location: /Applications/Unity/Hub/Editor/6000.2.13f1/Unity.app/Contents/Resources/PackageManager/BuiltInPackages/com.unity.modules.assetbundle)
    com.unity.modules.audio@1.0.0 (location: /Applications/Unity/Hub/Editor/6000.2.13f1/Unity.app/Contents/Resources/PackageManager/BuiltInPackages/com.unity.modules.audio)
    com.unity.modules.cloth@1.0.0 (location: /Applications/Unity/Hub/Editor/6000.2.13f1/Unity.app/Contents/Resources/PackageManager/BuiltInPackages/com.unity.modules.cloth)
    com.unity.modules.director@1.0.0 (location: /Applications/Unity/Hub/Editor/6000.2.13f1/Unity.app/Contents/Resources/PackageManager/BuiltInPackages/com.unity.modules.director)
    com.unity.modules.imageconversion@1.0.0 (location: /Applications/Unity/Hub/Editor/6000.2.13f1/Unity.app/Contents/Resources/PackageManager/BuiltInPackages/com.unity.modules.imageconversion)
    com.unity.modules.imgui@1.0.0 (location: /Applications/Unity/Hub/Editor/6000.2.13f1/Unity.app/Contents/Resources/PackageManager/BuiltInPackages/com.unity.modules.imgui)
    com.unity.modules.jsonserialize@1.0.0 (location: /Applications/Unity/Hub/Editor/6000.2.13f1/Unity.app/Contents/Resources/PackageManager/BuiltInPackages/com.unity.modules.jsonserialize)
    com.unity.modules.particlesystem@1.0.0 (location: /Applications/Unity/Hub/Editor/6000.2.13f1/Unity.app/Contents/Resources/PackageManager/BuiltInPackages/com.unity.modules.particlesystem)
    com.unity.modules.physics@1.0.0 (location: /Applications/Unity/Hub/Editor/6000.2.13f1/Unity.app/Contents/Resources/PackageManager/BuiltInPackages/com.unity.modules.physics)
    com.unity.modules.physics2d@1.0.0 (location: /Applications/Unity/Hub/Editor/6000.2.13f1/Unity.app/Contents/Resources/PackageManager/BuiltInPackages/com.unity.modules.physics2d)
    com.unity.modules.screencapture@1.0.0 (location: /Applications/Unity/Hub/Editor/6000.2.13f1/Unity.app/Contents/Resources/PackageManager/BuiltInPackages/com.unity.modules.screencapture)
    com.unity.modules.terrain@1.0.0 (location: /Applications/Unity/Hub/Editor/6000.2.13f1/Unity.app/Contents/Resources/PackageManager/BuiltInPackages/com.unity.modules.terrain)
    com.unity.modules.terrainphysics@1.0.0 (location: /Applications/Unity/Hub/Editor/6000.2.13f1/Unity.app/Contents/Resources/PackageManager/BuiltInPackages/com.unity.modules.terrainphysics)
    com.unity.modules.tilemap@1.0.0 (location: /Applications/Unity/Hub/Editor/6000.2.13f1/Unity.app/Contents/Resources/PackageManager/BuiltInPackages/com.unity.modules.tilemap)
    com.unity.modules.ui@1.0.0 (location: /Applications/Unity/Hub/Editor/6000.2.13f1/Unity.app/Contents/Resources/PackageManager/BuiltInPackages/com.unity.modules.ui)
    com.unity.modules.uielements@1.0.0 (location: /Applications/Unity/Hub/Editor/6000.2.13f1/Unity.app/Contents/Resources/PackageManager/BuiltInPackages/com.unity.modules.uielements)
    com.unity.modules.umbra@1.0.0 (location: /Applications/Unity/Hub/Editor/6000.2.13f1/Unity.app/Contents/Resources/PackageManager/BuiltInPackages/com.unity.modules.umbra)
    com.unity.modules.unityanalytics@1.0.0 (location: /Applications/Unity/Hub/Editor/6000.2.13f1/Unity.app/Contents/Resources/PackageManager/BuiltInPackages/com.unity.modules.unityanalytics)
    com.unity.modules.unitywebrequest@1.0.0 (location: /Applications/Unity/Hub/Editor/6000.2.13f1/Unity.app/Contents/Resources/PackageManager/BuiltInPackages/com.unity.modules.unitywebrequest)
    com.unity.modules.unitywebrequestassetbundle@1.0.0 (location: /Applications/Unity/Hub/Editor/6000.2.13f1/Unity.app/Contents/Resources/PackageManager/BuiltInPackages/com.unity.modules.unitywebrequestassetbundle)
    com.unity.modules.unitywebrequestaudio@1.0.0 (location: /Applications/Unity/Hub/Editor/6000.2.13f1/Unity.app/Contents/Resources/PackageManager/BuiltInPackages/com.unity.modules.unitywebrequestaudio)
    com.unity.modules.unitywebrequesttexture@1.0.0 (location: /Applications/Unity/Hub/Editor/6000.2.13f1/Unity.app/Contents/Resources/PackageManager/BuiltInPackages/com.unity.modules.unitywebrequesttexture)
    com.unity.modules.unitywebrequestwww@1.0.0 (location: /Applications/Unity/Hub/Editor/6000.2.13f1/Unity.app/Contents/Resources/PackageManager/BuiltInPackages/com.unity.modules.unitywebrequestwww)
    com.unity.modules.vehicles@1.0.0 (location: /Applications/Unity/Hub/Editor/6000.2.13f1/Unity.app/Contents/Resources/PackageManager/BuiltInPackages/com.unity.modules.vehicles)
    com.unity.modules.video@1.0.0 (location: /Applications/Unity/Hub/Editor/6000.2.13f1/Unity.app/Contents/Resources/PackageManager/BuiltInPackages/com.unity.modules.video)
    com.unity.modules.vr@1.0.0 (location: /Applications/Unity/Hub/Editor/6000.2.13f1/Unity.app/Contents/Resources/PackageManager/BuiltInPackages/com.unity.modules.vr)
    com.unity.modules.wind@1.0.0 (location: /Applications/Unity/Hub/Editor/6000.2.13f1/Unity.app/Contents/Resources/PackageManager/BuiltInPackages/com.unity.modules.wind)
    com.unity.modules.xr@1.0.0 (location: /Applications/Unity/Hub/Editor/6000.2.13f1/Unity.app/Contents/Resources/PackageManager/BuiltInPackages/com.unity.modules.xr)
    com.unity.modules.subsystems@1.0.0 (location: /Applications/Unity/Hub/Editor/6000.2.13f1/Unity.app/Contents/Resources/PackageManager/BuiltInPackages/com.unity.modules.subsystems)
    com.unity.modules.hierarchycore@1.0.0 (location: /Applications/Unity/Hub/Editor/6000.2.13f1/Unity.app/Contents/Resources/PackageManager/BuiltInPackages/com.unity.modules.hierarchycore)
    com.unity.test-framework@1.6.0 (location: /Users/fombico/Documents/mojulo/control/data/outcomes/sk_lkypzdim4y/unity-scratch/Library/PackageCache/com.unity.test-framework@d97b7cd61ded)
    com.unity.ext.nunit@2.0.5 (location: /Users/fombico/Documents/mojulo/control/data/outcomes/sk_lkypzdim4y/unity-scratch/Library/PackageCache/com.unity.ext.nunit@031a54704bff)
[Subsystems] No new subsystems found in resolved package list.
[Package Manager] Done registering packages in 0.01 seconds
[ScriptCompilation] Requested script compilation because: Assetdatabase observed changes in script compilation related files
[40m[32minfo[39m[22m[49m: Microsoft.Hosting.Lifetime[14]
      Now listening on: http://unix:/tmp/ilpp.sock-00bdcd073c33487dae1ada8f3ba4684e
[40m[32minfo[39m[22m[49m: Microsoft.Hosting.Lifetime[0]
      Application started. Press Ctrl+C to shut down.
[40m[32minfo[39m[22m[49m: Microsoft.Hosting.Lifetime[0]
      Hosting environment: Production
[40m[32minfo[39m[22m[49m: Microsoft.Hosting.Lifetime[0]
      Content root path: /Users/fombico/Documents/mojulo/control/data/outcomes/sk_lkypzdim4y/unity-scratch/
[40m[32minfo[39m[22m[49m: Microsoft.AspNetCore.Hosting.Diagnostics[1]
      Request starting HTTP/2 POST http://ilpp/UnityILPP.PostProcessing/Ping application/grpc -
[40m[32minfo[39m[22m[49m: Microsoft.AspNetCore.Routing.EndpointMiddleware[0]
      Executing endpoint 'gRPC - /UnityILPP.PostProcessing/Ping'
[40m[32minfo[39m[22m[49m: Microsoft.AspNetCore.Routing.EndpointMiddleware[1]
      Executed endpoint 'gRPC - /UnityILPP.PostProcessing/Ping'
[40m[32minfo[39m[22m[49m: Microsoft.AspNetCore.Hosting.Diagnostics[2]
      Request finished HTTP/2 POST http://ilpp/UnityILPP.PostProcessing/Ping application/grpc - - 200 - application/grpc 41.2100ms
Starting: /Applications/Unity/Hub/Editor/6000.2.13f1/Unity.app/Contents/bee_backend --ipc --defer-dag-verification --dagfile="Library/Bee/200b0aE.dag" --continue-on-failure --profile="Library/Bee/backend1.traceevents" ScriptAssemblies
WorkingDir: /Users/fombico/Documents/mojulo/control/data/outcomes/sk_lkypzdim4y/unity-scratch
DisplayProgressbar: Compiling Scripts
[40m[32minfo[39m[22m[49m: Microsoft.AspNetCore.Hosting.Diagnostics[1]
      Request starting HTTP/2 POST http://ilpp/UnityILPP.PostProcessing/ConfigurePostProcessors application/grpc -
[40m[32minfo[39m[22m[49m: Microsoft.AspNetCore.Routing.EndpointMiddleware[0]
      Executing endpoint 'gRPC - /UnityILPP.PostProcessing/ConfigurePostProcessors'
[40m[1m[33mwarn[39m[22m[49m: Unity.ILPP.Runner.PostProcessingAssemblyLoadContext[0]
      Assembly system.runtime.interopservices.windowsruntime has duplicate hint path. Ignoring "/Applications/Unity/Hub/Editor/6000.2.13f1/Unity.app/Contents/UnityReferenceAssemblies/unity-4.8-api/Facades/System.Runtime.InteropServices.WindowsRuntime.dll" in favor of "/Applications/Unity/Hub/Editor/6000.2.13f1/Unity.app/Contents/NetStandard/Extensions/2.0.0/System.Runtime.InteropServices.WindowsRuntime.dll"
[40m[1m[33mwarn[39m[22m[49m: Unity.ILPP.Runner.PostProcessingAssemblyLoadContext[0]
      Assembly system.componentmodel.composition has duplicate hint path. Ignoring "/Applications/Unity/Hub/Editor/6000.2.13f1/Unity.app/Contents/UnityReferenceAssemblies/unity-4.8-api/System.ComponentModel.Composition.dll" in favor of "/Applications/Unity/Hub/Editor/6000.2.13f1/Unity.app/Contents/NetStandard/compat/2.1.0/shims/netfx/System.ComponentModel.Composition.dll"
[40m[32minfo[39m[22m[49m: Unity.ILPP.Runner.PostProcessingAssemblyLoadContext[0]
      Resolved Unity.Burst.Cecil, Version=0.11.4.0, Culture=neutral, PublicKeyToken=50cebf1cceb9d05e with Library/PackageCache/com.unity.burst@1df634d836b8/Unity.Burst.CodeGen/Unity.Burst.Cecil.dll
[40m[32minfo[39m[22m[49m: Unity.ILPP.Runner.PostProcessingAssemblyLoadContext[0]
      Resolved Mono.Cecil, Version=0.11.5.0, Culture=neutral, PublicKeyToken=50cebf1cceb9d05e with Library/PackageCache/com.unity.nuget.mono-cecil@d78732e851eb/Mono.Cecil.dll
[40m[32minfo[39m[22m[49m: Microsoft.AspNetCore.Routing.EndpointMiddleware[1]
      Executed endpoint 'gRPC - /UnityILPP.PostProcessing/ConfigurePostProcessors'
[40m[32minfo[39m[22m[49m: Microsoft.AspNetCore.Hosting.Diagnostics[2]
      Request finished HTTP/2 POST http://ilpp/UnityILPP.PostProcessing/ConfigurePostProcessors application/grpc - - 200 - application/grpc 26.1652ms
[40m[32minfo[39m[22m[49m: Microsoft.AspNetCore.Hosting.Diagnostics[1]
      Request starting HTTP/2 POST http://ilpp/UnityILPP.PostProcessing/PostProcessAssembly application/grpc -
[40m[32minfo[39m[22m[49m: Microsoft.AspNetCore.Routing.EndpointMiddleware[0]
      Executing endpoint 'gRPC - /UnityILPP.PostProcessing/PostProcessAssembly'
[40m[32minfo[39m[22m[49m: Unity.ILPP.Runner.PostProcessingPipeline[0]
      Processing assembly Library/Bee/artifacts/200b0aE.dag/Assembly-CSharp.dll, with 128 defines and 261 references
[40m[32minfo[39m[22m[49m: Unity.ILPP.Runner.PostProcessingPipeline[0]
      processors: Unity.Jobs.CodeGen.JobsILPostProcessor, zzzUnity.Burst.CodeGen.BurstILPostProcessor
[40m[32minfo[39m[22m[49m: Unity.ILPP.Runner.PostProcessingPipeline[0]
      running Unity.Jobs.CodeGen.JobsILPostProcessor
[40m[32minfo[39m[22m[49m: Unity.ILPP.Runner.PostProcessingAssemblyLoadContext[0]
      Resolved Unity.Collections, Version=0.0.0.0, Culture=neutral, PublicKeyToken=null with Library/Bee/artifacts/200b0aE.dag/Unity.Collections.dll
[40m[32minfo[39m[22m[49m: Unity.ILPP.Runner.PostProcessingAssemblyLoadContext[0]
      Resolved UnityEditor.CoreModule, Version=0.0.0.0, Culture=neutral, PublicKeyToken=null with /Applications/Unity/Hub/Editor/6000.2.13f1/Unity.app/Contents/Managed/UnityEngine/UnityEditor.CoreModule.dll
[40m[32minfo[39m[22m[49m: Unity.ILPP.Runner.PostProcessingAssemblyLoadContext[0]
      Resolved UnityEngine.CoreModule, Version=0.0.0.0, Culture=neutral, PublicKeyToken=null with /Applications/Unity/Hub/Editor/6000.2.13f1/Unity.app/Contents/Managed/UnityEngine/UnityEngine.CoreModule.dll
[40m[32minfo[39m[22m[49m: Unity.ILPP.Runner.PostProcessingPipeline[0]
      running zzzUnity.Burst.CodeGen.BurstILPostProcessor
[40m[32minfo[39m[22m[49m: Unity.ILPP.Runner.PostProcessingAssemblyLoadContext[0]
      Resolved Unity.Burst.Cecil.Rocks, Version=0.11.4.0, Culture=neutral, PublicKeyToken=50cebf1cceb9d05e with Library/PackageCache/com.unity.burst@1df634d836b8/Unity.Burst.CodeGen/Unity.Burst.Cecil.Rocks.dll
[40m[32minfo[39m[22m[49m: Microsoft.AspNetCore.Hosting.Diagnostics[1]
      Request starting HTTP/2 POST http://ilpp/UnityILPP.PostProcessing/PostProcessAssembly application/grpc -
[40m[32minfo[39m[22m[49m: Microsoft.AspNetCore.Routing.EndpointMiddleware[0]
      Executing endpoint 'gRPC - /UnityILPP.PostProcessing/PostProcessAssembly'
[40m[32minfo[39m[22m[49m: Unity.ILPP.Runner.PostProcessingPipeline[0]
      Processing assembly Library/Bee/artifacts/200b0aE.dag/Assembly-CSharp-Editor.dll, with 126 defines and 272 references
[40m[32minfo[39m[22m[49m: Unity.ILPP.Runner.PostProcessingPipeline[0]
      processors: Unity.Jobs.CodeGen.JobsILPostProcessor, zzzUnity.Burst.CodeGen.BurstILPostProcessor
[40m[32minfo[39m[22m[49m: Unity.ILPP.Runner.PostProcessingPipeline[0]
      running Unity.Jobs.CodeGen.JobsILPostProcessor
[40m[32minfo[39m[22m[49m: Unity.ILPP.Runner.PostProcessingPipeline[0]
      running zzzUnity.Burst.CodeGen.BurstILPostProcessor
[40m[32minfo[39m[22m[49m: Microsoft.AspNetCore.Routing.EndpointMiddleware[1]
      Executed endpoint 'gRPC - /UnityILPP.PostProcessing/PostProcessAssembly'
[40m[32minfo[39m[22m[49m: Microsoft.AspNetCore.Routing.EndpointMiddleware[1]
      Executed endpoint 'gRPC - /UnityILPP.PostProcessing/PostProcessAssembly'
[40m[32minfo[39m[22m[49m: Microsoft.AspNetCore.Hosting.Diagnostics[2]
      Request finished HTTP/2 POST http://ilpp/UnityILPP.PostProcessing/PostProcessAssembly application/grpc - - 200 - application/grpc 288.5491ms
[40m[32minfo[39m[22m[49m: Microsoft.AspNetCore.Hosting.Diagnostics[2]
      Request finished HTTP/2 POST http://ilpp/UnityILPP.PostProcessing/PostProcessAssembly application/grpc - - 200 - application/grpc 26.5772ms
ExitCode: 0 Duration: 2s525ms
[284/341    0s] ILPP-Configuration Library/ilpp-configuration.nevergeneratedoutput
[333/341    2s] Csc Library/Bee/artifacts/200b0aE.dag/Assembly-CSharp.dll (+2 others)
[334/341    0s] Csc Library/Bee/artifacts/200b0aE.dag/Assembly-CSharp-Editor.dll (+2 others)
[335/341    0s] ILPostProcess Library/Bee/artifacts/200b0aE.dag/post-processed/Assembly-CSharp-Editor.dll (+pdb)
Processing assembly Library/Bee/artifacts/200b0aE.dag/Assembly-CSharp-Editor.dll, with 126 defines and 272 references
processors: Unity.Jobs.CodeGen.JobsILPostProcessor, zzzUnity.Burst.CodeGen.BurstILPostProcessor
running Unity.Jobs.CodeGen.JobsILPostProcessor
running zzzUnity.Burst.CodeGen.BurstILPostProcessor
[336/341    0s] ILPostProcess Library/Bee/artifacts/200b0aE.dag/post-processed/Assembly-CSharp.dll (+pdb)
Processing assembly Library/Bee/artifacts/200b0aE.dag/Assembly-CSharp.dll, with 128 defines and 261 references
processors: Unity.Jobs.CodeGen.JobsILPostProcessor, zzzUnity.Burst.CodeGen.BurstILPostProcessor
running Unity.Jobs.CodeGen.JobsILPostProcessor
running zzzUnity.Burst.CodeGen.BurstILPostProcessor
[337/341    0s] CopyFiles Library/ScriptAssemblies/Assembly-CSharp-Editor.pdb
[338/341    0s] CopyFiles Library/ScriptAssemblies/Assembly-CSharp.dll
[339/341    0s] CopyFiles Library/ScriptAssemblies/Assembly-CSharp-Editor.dll
[340/341    0s] CopyFiles Library/ScriptAssemblies/Assembly-CSharp.pdb
*** Tundra build success (2.50 seconds), 9 items updated, 341 evaluated
AssetDatabase: script compilation time: 3.236046s
Total cache size 14000380
Begin MonoManager ReloadAssembly
Total cache size after purge 14000380, took 00:00:00.0577448
- Loaded All Assemblies, in  0.291 seconds
Start importing Assets/MojuloPack/Runtime using Guid(162d5a217765f851c3e64d083f9d0ce7) (DefaultImporter) -> (artifact id: '330df22c4bc0543d76f6da4d6d893483') in 0.011266792 seconds
Start importing Assets/MojuloPack/Editor using Guid(67871696faffebceb4857c88c98a0142) (DefaultImporter) -> (artifact id: '993cb7dabadb2abe150f33dd6962c779') in 0.000889541 seconds
Start importing Assets/MojuloPack/recipe using Guid(48a93c3aeb886a4fa32a1d3ab5ea5590) (DefaultImporter) -> (artifact id: '4777304633c677153744418c4891dc8d') in 0.000286834 seconds
Refreshing native plugins compatible for Editor in 0.32 ms, found 0 plugins.
Native extension for OSXStandalone target not found
Mono: successfully reloaded assembly
- Finished resetting the current domain, in  0.499 seconds
Domain Reload Profiling: 791ms
	BeginReloadAssembly (96ms)
		ExecutionOrderSort (0ms)
		DisableScriptedObjects (8ms)
		BackupInstance (0ms)
		ReleaseScriptingObjects (0ms)
		CreateAndSetChildDomain (22ms)
	RebuildCommonClasses (27ms)
	RebuildNativeTypeToScriptingClass (10ms)
	initialDomainReloadingComplete (16ms)
	LoadAllAssembliesAndSetupDomain (143ms)
		LoadAssemblies (142ms)
		RebuildTransferFunctionScriptingTraits (0ms)
		AnalyzeDomain (39ms)
			TypeCache.Refresh (32ms)
				TypeCache.ScanAssembly (26ms)
			BuildScriptInfoCaches (5ms)
			ResolveRequiredComponents (1ms)
	FinalizeReload (500ms)
		ReleaseScriptCaches (0ms)
		RebuildScriptCaches (0ms)
		SetupLoadedEditorAssemblies (435ms)
			LogAssemblyErrors (0ms)
			InitializePlatformSupportModulesInManaged (12ms)
			SetLoadedEditorAssemblies (2ms)
			BeforeProcessingInitializeOnLoad (79ms)
			ProcessInitializeOnLoadAttributes (303ms)
			ProcessInitializeOnLoadMethodAttributes (38ms)
			AfterProcessingInitializeOnLoad (1ms)
			EditorAssembliesLoaded (0ms)
		ExecutionOrderSort2 (0ms)
		AwakeInstancesAfterBackupRestoration (6ms)
Start importing Assets/MojuloPack/score.json using Guid(c0c3e631cb4656e437e26e753a51a4ab) (TextScriptImporter) -> (artifact id: '7591ae452f2a3454d33250fd4cce1b84') in 0.0011555 seconds
Start importing Assets/MojuloPack/IMPORT-GUIDE.md using Guid(71cb68a841d0ca88dc4aeb80245744f8) (TextScriptImporter) -> (artifact id: '51264138401a3bdcc8528a86dbcca086') in 0.000856917 seconds
Start importing Assets/MojuloPack/portability.json using Guid(a10ed8d899fd743e019167e17b78d07d) (TextScriptImporter) -> (artifact id: 'df2934a6d6e4afd21166a561245ebc89') in 0.000589792 seconds
Start importing Assets/MojuloPack/model.glb using Guid(b55d23eb64b1b9589b313ed9d1cefe12) (ScriptedImporter)Launching external process: /Applications/Unity/Hub/Editor/6000.2.13f1/Unity.app/Contents/Tools/UnityShaderCompiler
Launched and connected shader compiler UnityShaderCompiler after 0.06 seconds
 -> (artifact id: 'e0901339409216ca1453b64ac4e501fd') in 0.218780333 seconds
Start importing Assets/MojuloPack/recipe/sk_lkypzdim4y.json using Guid(96666a6450870b95ab2a33fc9317dba1) (TextScriptImporter) -> (artifact id: '787023c2d0b54dcc9a97403cf51619aa') in 0.00083425 seconds
Start importing Assets/MojuloPack/README.md using Guid(fbd3bead043a706da89ce3133c30bd24) (TextScriptImporter) -> (artifact id: 'b2e9525a639aa28fd55b60fc941224c3') in 0.000914792 seconds
Refreshing native plugins compatible for Editor in 0.14 ms, found 0 plugins.
Preloading 0 native plugins for Editor in 0.00 ms.
Asset Pipeline Refresh (id=9086d0502881848da9cf1175c77d08ce): Total: 4.721 seconds - Initiated by InitialRefreshV2(ForceSynchronousImport)
	Summary:
		Imports: total=9 (actual=9, local cache=0, cache server=0)
		Asset DB Process Time: managed=2 ms, native=1043 ms
		Asset DB Callback time: managed=121 ms, native=13 ms
		Scripting: domain reloads=1, domain reload time=291 ms, compile time=3238 ms, other=9 ms
		Project Asset Count: scripts=280, non-scripts=210
		Asset File Changes: new=14, changed=14, moved=0, deleted=16
		Scan Filter Count: 1
	InvokeCustomDependenciesCallbacks: 0.000ms
	InvokePackagesCallback: 11.020ms
	ApplyChangesToAssetFolders: 0.270ms
	Scan: 211.018ms
	OnSourceAssetsModified: 0.635ms
	CategorizeAssetsWithTransientArtifact: 13.030ms
	ProcessAssetsWithTransientArtifactChanges: 7.134ms
	UnregisterDeletedAssets: 0.003ms
	CategorizeAssets: 5.893ms
	ImportOutOfDateAssets: 742.548ms (-2736.044ms without children)
		ImportManagerImport: 240.669ms (3.470ms without children)
			ImportInProcess: 237.143ms
			UpdateCategorizedAssets: 0.057ms
		CompileScripts: 3237.523ms
		ReloadNativeAssets: 0.000ms
		UnloadImportedAssets: 0.172ms
		ReloadImportedAssets: 0.000ms
		EnsureUptoDateAssetsAreRegisteredWithGuidPM: 0.073ms
		InitializingProgressBar: 0.005ms
		PostProcessAllAssetNotificationsAddChangedAssets: 0.000ms
		OnDemandSchedulerStart: 0.149ms
	PostProcessAllAssets: 122.957ms
	Hotreload: 1.516ms
	GatherAllCurrentPrimaryArtifactRevisions: 0.000ms
	UnloadStreamsBegin: 0.108ms
	PersistCurrentRevisions: 0.111ms
	UnloadStreamsEnd: 0.000ms
	GenerateScriptTypeHashes: 0.916ms
	Untracked: 3604.257ms

Application.AssetDatabase Initial Refresh End
Scanning for USB devices : 0.213ms
Initializing Unity extensions:
[MODES] ModeService[none].Initialize
[MODES] ModeService[none].LoadModes
[MODES] Loading mode Default (0) for mode-current-id-unity-scratch
Unloading 13 Unused Serialized files (Serialized files now loaded: 0)
Unloading 1209 unused Assets / (2.1 MB). Loaded Objects now: 1698.
Memory consumption went from 129.4 MB to 127.2 MB.
Total: 5.688500 ms (FindLiveObjects: 0.077333 ms CreateObjectMapping: 0.029083 ms MarkObjects: 4.157541 ms  DeleteObjects: 1.423667 ms)

Unloading 2 Unused Serialized files (Serialized files now loaded: 0)
Unloading 138 unused Assets / (0.8 MB). Loaded Objects now: 1702.
Memory consumption went from 123.7 MB to 122.9 MB.
Total: 3.800167 ms (FindLiveObjects: 0.042709 ms CreateObjectMapping: 0.018125 ms MarkObjects: 3.648375 ms  DeleteObjects: 0.090000 ms)

Start importing Assets/MojuloPack/Scenes using Guid(5a2c359a780d247a68db5ef0c92ddad4) (DefaultImporter) -> (artifact id: '671cef58dc4339229fcd2105a0ba1b39') in 0.001076083 seconds
Start importing Assets/MojuloPack/Scenes/mojulo-level.unity using Guid(6167427c82ee14b83ac653533794174c) (DefaultImporter) -> (artifact id: 'befd17939bce3533c19b75f9897a3c72') in 0.000553042 seconds
Refreshing native plugins compatible for Editor in 0.14 ms, found 0 plugins.
Preloading 0 native plugins for Editor in 0.00 ms.
Asset Pipeline Refresh (id=28d1c071ebe1c4b2794e5f49bc8b893b): Total: 0.011 seconds - Initiated by StopAssetImportingV2(NoUpdateAssetOptions)
[mojulo] level 'One-room house plan — living' -> Assets/MojuloPack/Scenes/mojulo-level.unity (0 colliders)
UnityEngine.Debug:ExtractStackTraceNoAlloc (byte*,int,string)
UnityEngine.StackTraceUtility:ExtractStackTrace () (at /Users/bokken/build/output/unity/unity/Runtime/Export/Scripting/StackTrace.cs:35)
UnityEngine.DebugLogHandler:Internal_Log (UnityEngine.LogType,UnityEngine.LogOption,string,UnityEngine.Object)
UnityEngine.DebugLogHandler:LogFormat (UnityEngine.LogType,UnityEngine.Object,string,object[])
UnityEngine.Logger:Log (UnityEngine.LogType,object)
UnityEngine.Debug:Log (object)
Mojulo.Import:BuildLevelScene (string,string) (at Assets/MojuloPack/Editor/MojuloImport.cs:157)
Mojulo.Import:Build () (at Assets/MojuloPack/Editor/MojuloImport.cs:76)
Mojulo.Import:Run () (at Assets/MojuloPack/Editor/MojuloImport.cs:38)

(Filename: Assets/MojuloPack/Editor/MojuloImport.cs Line: 157)

Asset Pipeline Refresh (id=96cb48336c4ef4a89bbb4fc7c72d9cb6): Total: 0.072 seconds - Initiated by RefreshV2(NoUpdateAssetOptions)
[mojulo] imported 'One-room house plan — living' -> Assets/MojuloPack/Scenes/mojulo-level.unity
UnityEngine.Debug:ExtractStackTraceNoAlloc (byte*,int,string)
UnityEngine.StackTraceUtility:ExtractStackTrace () (at /Users/bokken/build/output/unity/unity/Runtime/Export/Scripting/StackTrace.cs:35)
UnityEngine.DebugLogHandler:Internal_Log (UnityEngine.LogType,UnityEngine.LogOption,string,UnityEngine.Object)
UnityEngine.DebugLogHandler:LogFormat (UnityEngine.LogType,UnityEngine.Object,string,object[])
UnityEngine.Logger:Log (UnityEngine.LogType,object)
UnityEngine.Debug:Log (object)
Mojulo.Import:Run () (at Assets/MojuloPack/Editor/MojuloImport.cs:38)

(Filename: Assets/MojuloPack/Editor/MojuloImport.cs Line: 38)

Thread 0x16bbfb000 may have been prematurely finalized
Curl error 42: Callback aborted
Input System module state changed to: ShutdownInProgress.
Input System polling thread exited.
Input System module state changed to: Shutdown.
[Physics::Module] Cleanup current backend.
[Physics::Module] Id: 0xf2b8ea05
[Licensing::IpcConnector] LicenseClient-fombico-notifications channel disconnected successfully.
[Licensing::IpcConnector] LicenseClient-fombico channel disconnected successfully.
Thread 0x16bd9f000 may have been prematurely finalized
Thread 0x16be2b000 may have been prematurely finalized
Thread 0x16c05b000 may have been prematurely finalized
Thread 0x16c0e7000 may have been prematurely finalized
Thread 0x16bfcf000 may have been prematurely finalized
Thread 0x16beb7000 may have been prematurely finalized
Thread 0x16bf43000 may have been prematurely finalized
Thread 0x16c173000 may have been prematurely finalized
Thread 0x16c1ff000 may have been prematurely finalized
AcceleratorClientConnectionCallback - disconnected - :0
[40m[32minfo[39m[22m[49m: Microsoft.Hosting.Lifetime[0]
      Application is shutting down...
Cleanup mono
[40m[32minfo[39m[22m[49m: Unity.ILPP.Runner.PostProcessingAssemblyLoadContext[0]
      ALC ILPP context 1 is unloading
debugger-agent: Unable to listen on 43
